// Jest Snapshot v1, https://goo.gl/fbAQLP

exports[`Recipe Card matches snapshot 1`] = `
ShallowWrapper {
  "length": 1,
  Symbol(enzyme.__root__): [Circular],
  Symbol(enzyme.__unrendered__): <RecipeCard
    displayAddToMenu={true}
    favorites={
        Array [
            Object {
              "title": "Recipe1",
            },
          ]
    }
    recipe={
        Object {
            "image": "https://www.edamam.com/web-img/e50/e50584043",
            "ingredients": Array [
              "1½ pounds fresh red jalapeño peppers, stemmed, seeded, and roughly chopped",
              "8 garlic cloves, peeled and smashed",
              "⅓ cup apple cider vinegar",
              "3 tablespoons tomato paste",
              "3 tablespoons honey",
              "2 tablespoons Paleo-friendly fish sauce (Red Boat!)",
              "1½ teaspoons kosher salt",
            ],
            "title": "Paleo Sriracha recipes",
            "url": "http://nomnompaleo.com/post/36060636540/paleo-sriracha",
          }
    }
    toggleFavorites={[Function]}
/>,
  Symbol(enzyme.__renderer__): Object {
    "batchedUpdates": [Function],
    "getNode": [Function],
    "render": [Function],
    "simulateEvent": [Function],
    "unmount": [Function],
  },
  Symbol(enzyme.__node__): Object {
    "instance": null,
    "key": undefined,
    "nodeType": "host",
    "props": Object {
      "children": Array [
        <img
          alt="star"
          className="star"
          onClick={[Function]}
          src="emptyStar.png"
/>,
        <img
          alt="recipe meal"
          src="https://www.edamam.com/web-img/e50/e50584043"
/>,
        <a
          href="http://nomnompaleo.com/post/36060636540/paleo-sriracha"
          target="_blank"
>
          Paleo Sriracha recipes
</a>,
        <Connect(AddToMenu)
          recipe={
                    Object {
                              "image": "https://www.edamam.com/web-img/e50/e50584043",
                              "ingredients": Array [
                                "1½ pounds fresh red jalapeño peppers, stemmed, seeded, and roughly chopped",
                                "8 garlic cloves, peeled and smashed",
                                "⅓ cup apple cider vinegar",
                                "3 tablespoons tomato paste",
                                "3 tablespoons honey",
                                "2 tablespoons Paleo-friendly fish sauce (Red Boat!)",
                                "1½ teaspoons kosher salt",
                              ],
                              "title": "Paleo Sriracha recipes",
                              "url": "http://nomnompaleo.com/post/36060636540/paleo-sriracha",
                            }
          }
/>,
      ],
    },
    "ref": null,
    "rendered": Array [
      Object {
        "instance": null,
        "key": undefined,
        "nodeType": "host",
        "props": Object {
          "alt": "star",
          "className": "star",
          "onClick": [Function],
          "src": "emptyStar.png",
        },
        "ref": null,
        "rendered": null,
        "type": "img",
      },
      Object {
        "instance": null,
        "key": undefined,
        "nodeType": "host",
        "props": Object {
          "alt": "recipe meal",
          "src": "https://www.edamam.com/web-img/e50/e50584043",
        },
        "ref": null,
        "rendered": null,
        "type": "img",
      },
      Object {
        "instance": null,
        "key": undefined,
        "nodeType": "host",
        "props": Object {
          "children": "Paleo Sriracha recipes",
          "href": "http://nomnompaleo.com/post/36060636540/paleo-sriracha",
          "target": "_blank",
        },
        "ref": null,
        "rendered": "Paleo Sriracha recipes",
        "type": "a",
      },
      Object {
        "instance": null,
        "key": undefined,
        "nodeType": "class",
        "props": Object {
          "recipe": Object {
            "image": "https://www.edamam.com/web-img/e50/e50584043",
            "ingredients": Array [
              "1½ pounds fresh red jalapeño peppers, stemmed, seeded, and roughly chopped",
              "8 garlic cloves, peeled and smashed",
              "⅓ cup apple cider vinegar",
              "3 tablespoons tomato paste",
              "3 tablespoons honey",
              "2 tablespoons Paleo-friendly fish sauce (Red Boat!)",
              "1½ teaspoons kosher salt",
            ],
            "title": "Paleo Sriracha recipes",
            "url": "http://nomnompaleo.com/post/36060636540/paleo-sriracha",
          },
        },
        "ref": null,
        "rendered": null,
        "type": [Function],
      },
    ],
    "type": "article",
  },
  Symbol(enzyme.__nodes__): Array [
    Object {
      "instance": null,
      "key": undefined,
      "nodeType": "host",
      "props": Object {
        "children": Array [
          <img
            alt="star"
            className="star"
            onClick={[Function]}
            src="emptyStar.png"
/>,
          <img
            alt="recipe meal"
            src="https://www.edamam.com/web-img/e50/e50584043"
/>,
          <a
            href="http://nomnompaleo.com/post/36060636540/paleo-sriracha"
            target="_blank"
>
            Paleo Sriracha recipes
</a>,
          <Connect(AddToMenu)
            recipe={
                        Object {
                                    "image": "https://www.edamam.com/web-img/e50/e50584043",
                                    "ingredients": Array [
                                      "1½ pounds fresh red jalapeño peppers, stemmed, seeded, and roughly chopped",
                                      "8 garlic cloves, peeled and smashed",
                                      "⅓ cup apple cider vinegar",
                                      "3 tablespoons tomato paste",
                                      "3 tablespoons honey",
                                      "2 tablespoons Paleo-friendly fish sauce (Red Boat!)",
                                      "1½ teaspoons kosher salt",
                                    ],
                                    "title": "Paleo Sriracha recipes",
                                    "url": "http://nomnompaleo.com/post/36060636540/paleo-sriracha",
                                  }
            }
/>,
        ],
      },
      "ref": null,
      "rendered": Array [
        Object {
          "instance": null,
          "key": undefined,
          "nodeType": "host",
          "props": Object {
            "alt": "star",
            "className": "star",
            "onClick": [Function],
            "src": "emptyStar.png",
          },
          "ref": null,
          "rendered": null,
          "type": "img",
        },
        Object {
          "instance": null,
          "key": undefined,
          "nodeType": "host",
          "props": Object {
            "alt": "recipe meal",
            "src": "https://www.edamam.com/web-img/e50/e50584043",
          },
          "ref": null,
          "rendered": null,
          "type": "img",
        },
        Object {
          "instance": null,
          "key": undefined,
          "nodeType": "host",
          "props": Object {
            "children": "Paleo Sriracha recipes",
            "href": "http://nomnompaleo.com/post/36060636540/paleo-sriracha",
            "target": "_blank",
          },
          "ref": null,
          "rendered": "Paleo Sriracha recipes",
          "type": "a",
        },
        Object {
          "instance": null,
          "key": undefined,
          "nodeType": "class",
          "props": Object {
            "recipe": Object {
              "image": "https://www.edamam.com/web-img/e50/e50584043",
              "ingredients": Array [
                "1½ pounds fresh red jalapeño peppers, stemmed, seeded, and roughly chopped",
                "8 garlic cloves, peeled and smashed",
                "⅓ cup apple cider vinegar",
                "3 tablespoons tomato paste",
                "3 tablespoons honey",
                "2 tablespoons Paleo-friendly fish sauce (Red Boat!)",
                "1½ teaspoons kosher salt",
              ],
              "title": "Paleo Sriracha recipes",
              "url": "http://nomnompaleo.com/post/36060636540/paleo-sriracha",
            },
          },
          "ref": null,
          "rendered": null,
          "type": [Function],
        },
      ],
      "type": "article",
    },
  ],
  Symbol(enzyme.__options__): Object {
    "adapter": ReactSixteenAdapter {
      "options": Object {
        "enableComponentDidUpdateOnSetState": true,
      },
    },
  },
}
`;
