// Jest Snapshot v1, https://goo.gl/fbAQLP

exports[`Add To Menu matches snapshot 1`] = `
ShallowWrapper {
  "length": 1,
  Symbol(enzyme.__root__): [Circular],
  Symbol(enzyme.__unrendered__): <AddToMenu
    addToGroceryList={[Function]}
    addToMenu={[Function]}
    recipe={
        Object {
            "image": "https://www.edamam.com/web-img/e50/e50584043c015a91a26a7a37f093d476",
            "ingredients": Array [
              "1½ pounds fresh red jalapeño peppers, stemmed, seeded, and roughly chopped",
              "8 garlic cloves, peeled and smashed",
              "⅓ cup apple cider vinegar",
              "3 tablespoons tomato paste",
              "3 tablespoons honey",
              "2 tablespoons Paleo-friendly fish sauce (Red Boat!)",
              "1½ teaspoons kosher salt",
            ],
            "title": "Paleo Sriracha recipes",
            "url": "http://nomnompaleo.com/post/36060636540/paleo-sriracha",
          }
    }
/>,
  Symbol(enzyme.__renderer__): Object {
    "batchedUpdates": [Function],
    "getNode": [Function],
    "render": [Function],
    "simulateEvent": [Function],
    "unmount": [Function],
  },
  Symbol(enzyme.__node__): Object {
    "instance": null,
    "key": undefined,
    "nodeType": "host",
    "props": Object {
      "children": Array [
        <select
          id="weekday"
          name="weekday"
          onChange={[Function]}
>
          <option>
                    SELECT WEEKDAY
          </option>
          <option
                    value="sunday"
          >
                    Sunday
          </option>
          <option
                    value="monday"
          >
                    Monday
          </option>
          <option
                    value="tuesday"
          >
                    Tueday
          </option>
          <option
                    value="wednesday"
          >
                    Wednesday
          </option>
          <option
                    value="thursday"
          >
                    Thursday
          </option>
          <option
                    value="friday"
          >
                    Friday
          </option>
          <option
                    value="saturday"
          >
                    Saturday
          </option>
</select>,
        <select
          id="meal-time"
          name="mealTime"
          onChange={[Function]}
>
          <option>
                    SELECT MEAL-TIME
          </option>
          <option
                    value="breakfast"
          >
                    Breakfast
          </option>
          <option
                    value="lunch"
          >
                    Lunch
          </option>
          <option
                    value="dinner"
          >
                    Dinner
          </option>
</select>,
        <button
          type="submit"
>
          Add To Menu
</button>,
      ],
      "onSubmit": [Function],
    },
    "ref": null,
    "rendered": Array [
      Object {
        "instance": null,
        "key": undefined,
        "nodeType": "host",
        "props": Object {
          "children": Array [
            <option>
              SELECT WEEKDAY
</option>,
            <option
              value="sunday"
>
              Sunday
</option>,
            <option
              value="monday"
>
              Monday
</option>,
            <option
              value="tuesday"
>
              Tueday
</option>,
            <option
              value="wednesday"
>
              Wednesday
</option>,
            <option
              value="thursday"
>
              Thursday
</option>,
            <option
              value="friday"
>
              Friday
</option>,
            <option
              value="saturday"
>
              Saturday
</option>,
          ],
          "id": "weekday",
          "name": "weekday",
          "onChange": [Function],
        },
        "ref": null,
        "rendered": Array [
          Object {
            "instance": null,
            "key": undefined,
            "nodeType": "host",
            "props": Object {
              "children": "SELECT WEEKDAY",
            },
            "ref": null,
            "rendered": "SELECT WEEKDAY",
            "type": "option",
          },
          Object {
            "instance": null,
            "key": undefined,
            "nodeType": "host",
            "props": Object {
              "children": "Sunday",
              "value": "sunday",
            },
            "ref": null,
            "rendered": "Sunday",
            "type": "option",
          },
          Object {
            "instance": null,
            "key": undefined,
            "nodeType": "host",
            "props": Object {
              "children": "Monday",
              "value": "monday",
            },
            "ref": null,
            "rendered": "Monday",
            "type": "option",
          },
          Object {
            "instance": null,
            "key": undefined,
            "nodeType": "host",
            "props": Object {
              "children": "Tueday",
              "value": "tuesday",
            },
            "ref": null,
            "rendered": "Tueday",
            "type": "option",
          },
          Object {
            "instance": null,
            "key": undefined,
            "nodeType": "host",
            "props": Object {
              "children": "Wednesday",
              "value": "wednesday",
            },
            "ref": null,
            "rendered": "Wednesday",
            "type": "option",
          },
          Object {
            "instance": null,
            "key": undefined,
            "nodeType": "host",
            "props": Object {
              "children": "Thursday",
              "value": "thursday",
            },
            "ref": null,
            "rendered": "Thursday",
            "type": "option",
          },
          Object {
            "instance": null,
            "key": undefined,
            "nodeType": "host",
            "props": Object {
              "children": "Friday",
              "value": "friday",
            },
            "ref": null,
            "rendered": "Friday",
            "type": "option",
          },
          Object {
            "instance": null,
            "key": undefined,
            "nodeType": "host",
            "props": Object {
              "children": "Saturday",
              "value": "saturday",
            },
            "ref": null,
            "rendered": "Saturday",
            "type": "option",
          },
        ],
        "type": "select",
      },
      Object {
        "instance": null,
        "key": undefined,
        "nodeType": "host",
        "props": Object {
          "children": Array [
            <option>
              SELECT MEAL-TIME
</option>,
            <option
              value="breakfast"
>
              Breakfast
</option>,
            <option
              value="lunch"
>
              Lunch
</option>,
            <option
              value="dinner"
>
              Dinner
</option>,
          ],
          "id": "meal-time",
          "name": "mealTime",
          "onChange": [Function],
        },
        "ref": null,
        "rendered": Array [
          Object {
            "instance": null,
            "key": undefined,
            "nodeType": "host",
            "props": Object {
              "children": "SELECT MEAL-TIME",
            },
            "ref": null,
            "rendered": "SELECT MEAL-TIME",
            "type": "option",
          },
          Object {
            "instance": null,
            "key": undefined,
            "nodeType": "host",
            "props": Object {
              "children": "Breakfast",
              "value": "breakfast",
            },
            "ref": null,
            "rendered": "Breakfast",
            "type": "option",
          },
          Object {
            "instance": null,
            "key": undefined,
            "nodeType": "host",
            "props": Object {
              "children": "Lunch",
              "value": "lunch",
            },
            "ref": null,
            "rendered": "Lunch",
            "type": "option",
          },
          Object {
            "instance": null,
            "key": undefined,
            "nodeType": "host",
            "props": Object {
              "children": "Dinner",
              "value": "dinner",
            },
            "ref": null,
            "rendered": "Dinner",
            "type": "option",
          },
        ],
        "type": "select",
      },
      Object {
        "instance": null,
        "key": undefined,
        "nodeType": "host",
        "props": Object {
          "children": "Add To Menu",
          "type": "submit",
        },
        "ref": null,
        "rendered": "Add To Menu",
        "type": "button",
      },
    ],
    "type": "form",
  },
  Symbol(enzyme.__nodes__): Array [
    Object {
      "instance": null,
      "key": undefined,
      "nodeType": "host",
      "props": Object {
        "children": Array [
          <select
            id="weekday"
            name="weekday"
            onChange={[Function]}
>
            <option>
                        SELECT WEEKDAY
            </option>
            <option
                        value="sunday"
            >
                        Sunday
            </option>
            <option
                        value="monday"
            >
                        Monday
            </option>
            <option
                        value="tuesday"
            >
                        Tueday
            </option>
            <option
                        value="wednesday"
            >
                        Wednesday
            </option>
            <option
                        value="thursday"
            >
                        Thursday
            </option>
            <option
                        value="friday"
            >
                        Friday
            </option>
            <option
                        value="saturday"
            >
                        Saturday
            </option>
</select>,
          <select
            id="meal-time"
            name="mealTime"
            onChange={[Function]}
>
            <option>
                        SELECT MEAL-TIME
            </option>
            <option
                        value="breakfast"
            >
                        Breakfast
            </option>
            <option
                        value="lunch"
            >
                        Lunch
            </option>
            <option
                        value="dinner"
            >
                        Dinner
            </option>
</select>,
          <button
            type="submit"
>
            Add To Menu
</button>,
        ],
        "onSubmit": [Function],
      },
      "ref": null,
      "rendered": Array [
        Object {
          "instance": null,
          "key": undefined,
          "nodeType": "host",
          "props": Object {
            "children": Array [
              <option>
                SELECT WEEKDAY
</option>,
              <option
                value="sunday"
>
                Sunday
</option>,
              <option
                value="monday"
>
                Monday
</option>,
              <option
                value="tuesday"
>
                Tueday
</option>,
              <option
                value="wednesday"
>
                Wednesday
</option>,
              <option
                value="thursday"
>
                Thursday
</option>,
              <option
                value="friday"
>
                Friday
</option>,
              <option
                value="saturday"
>
                Saturday
</option>,
            ],
            "id": "weekday",
            "name": "weekday",
            "onChange": [Function],
          },
          "ref": null,
          "rendered": Array [
            Object {
              "instance": null,
              "key": undefined,
              "nodeType": "host",
              "props": Object {
                "children": "SELECT WEEKDAY",
              },
              "ref": null,
              "rendered": "SELECT WEEKDAY",
              "type": "option",
            },
            Object {
              "instance": null,
              "key": undefined,
              "nodeType": "host",
              "props": Object {
                "children": "Sunday",
                "value": "sunday",
              },
              "ref": null,
              "rendered": "Sunday",
              "type": "option",
            },
            Object {
              "instance": null,
              "key": undefined,
              "nodeType": "host",
              "props": Object {
                "children": "Monday",
                "value": "monday",
              },
              "ref": null,
              "rendered": "Monday",
              "type": "option",
            },
            Object {
              "instance": null,
              "key": undefined,
              "nodeType": "host",
              "props": Object {
                "children": "Tueday",
                "value": "tuesday",
              },
              "ref": null,
              "rendered": "Tueday",
              "type": "option",
            },
            Object {
              "instance": null,
              "key": undefined,
              "nodeType": "host",
              "props": Object {
                "children": "Wednesday",
                "value": "wednesday",
              },
              "ref": null,
              "rendered": "Wednesday",
              "type": "option",
            },
            Object {
              "instance": null,
              "key": undefined,
              "nodeType": "host",
              "props": Object {
                "children": "Thursday",
                "value": "thursday",
              },
              "ref": null,
              "rendered": "Thursday",
              "type": "option",
            },
            Object {
              "instance": null,
              "key": undefined,
              "nodeType": "host",
              "props": Object {
                "children": "Friday",
                "value": "friday",
              },
              "ref": null,
              "rendered": "Friday",
              "type": "option",
            },
            Object {
              "instance": null,
              "key": undefined,
              "nodeType": "host",
              "props": Object {
                "children": "Saturday",
                "value": "saturday",
              },
              "ref": null,
              "rendered": "Saturday",
              "type": "option",
            },
          ],
          "type": "select",
        },
        Object {
          "instance": null,
          "key": undefined,
          "nodeType": "host",
          "props": Object {
            "children": Array [
              <option>
                SELECT MEAL-TIME
</option>,
              <option
                value="breakfast"
>
                Breakfast
</option>,
              <option
                value="lunch"
>
                Lunch
</option>,
              <option
                value="dinner"
>
                Dinner
</option>,
            ],
            "id": "meal-time",
            "name": "mealTime",
            "onChange": [Function],
          },
          "ref": null,
          "rendered": Array [
            Object {
              "instance": null,
              "key": undefined,
              "nodeType": "host",
              "props": Object {
                "children": "SELECT MEAL-TIME",
              },
              "ref": null,
              "rendered": "SELECT MEAL-TIME",
              "type": "option",
            },
            Object {
              "instance": null,
              "key": undefined,
              "nodeType": "host",
              "props": Object {
                "children": "Breakfast",
                "value": "breakfast",
              },
              "ref": null,
              "rendered": "Breakfast",
              "type": "option",
            },
            Object {
              "instance": null,
              "key": undefined,
              "nodeType": "host",
              "props": Object {
                "children": "Lunch",
                "value": "lunch",
              },
              "ref": null,
              "rendered": "Lunch",
              "type": "option",
            },
            Object {
              "instance": null,
              "key": undefined,
              "nodeType": "host",
              "props": Object {
                "children": "Dinner",
                "value": "dinner",
              },
              "ref": null,
              "rendered": "Dinner",
              "type": "option",
            },
          ],
          "type": "select",
        },
        Object {
          "instance": null,
          "key": undefined,
          "nodeType": "host",
          "props": Object {
            "children": "Add To Menu",
            "type": "submit",
          },
          "ref": null,
          "rendered": "Add To Menu",
          "type": "button",
        },
      ],
      "type": "form",
    },
  ],
  Symbol(enzyme.__options__): Object {
    "adapter": ReactSixteenAdapter {
      "options": Object {
        "enableComponentDidUpdateOnSetState": true,
      },
    },
  },
}
`;
