// Jest Snapshot v1, https://goo.gl/fbAQLP

exports[`Home matches snapshot 1`] = `
ShallowWrapper {
  "length": 1,
  Symbol(enzyme.__root__): [Circular],
  Symbol(enzyme.__unrendered__): <Home
    chooseCategory={[Function]}
    ecipeCards={Array []}
    r={true}
    recipesHasErrored=""
    recipesIsLoading={false}
/>,
  Symbol(enzyme.__renderer__): Object {
    "batchedUpdates": [Function],
    "getNode": [Function],
    "render": [Function],
    "simulateEvent": [Function],
    "unmount": [Function],
  },
  Symbol(enzyme.__node__): Object {
    "instance": null,
    "key": undefined,
    "nodeType": "host",
    "props": Object {
      "children": Array [
        <select
          id="category"
          onChange={[Function]}
>
          <option>
                    SELECT CATEGORY
          </option>
          <option
                    value="paleo"
          >
                    Paleo
          </option>
          <option
                    value="vegetarian"
          >
                    Vegetarian
          </option>
          <option
                    value="vegan"
          >
                    Vegan
          </option>
</select>,
        null,
        null,
        <RecipeCardsDisplay
          recipeCards={undefined}
/>,
      ],
      "className": "App",
    },
    "ref": null,
    "rendered": Array [
      Object {
        "instance": null,
        "key": undefined,
        "nodeType": "host",
        "props": Object {
          "children": Array [
            <option>
              SELECT CATEGORY
</option>,
            <option
              value="paleo"
>
              Paleo
</option>,
            <option
              value="vegetarian"
>
              Vegetarian
</option>,
            <option
              value="vegan"
>
              Vegan
</option>,
          ],
          "id": "category",
          "onChange": [Function],
        },
        "ref": null,
        "rendered": Array [
          Object {
            "instance": null,
            "key": undefined,
            "nodeType": "host",
            "props": Object {
              "children": "SELECT CATEGORY",
            },
            "ref": null,
            "rendered": "SELECT CATEGORY",
            "type": "option",
          },
          Object {
            "instance": null,
            "key": undefined,
            "nodeType": "host",
            "props": Object {
              "children": "Paleo",
              "value": "paleo",
            },
            "ref": null,
            "rendered": "Paleo",
            "type": "option",
          },
          Object {
            "instance": null,
            "key": undefined,
            "nodeType": "host",
            "props": Object {
              "children": "Vegetarian",
              "value": "vegetarian",
            },
            "ref": null,
            "rendered": "Vegetarian",
            "type": "option",
          },
          Object {
            "instance": null,
            "key": undefined,
            "nodeType": "host",
            "props": Object {
              "children": "Vegan",
              "value": "vegan",
            },
            "ref": null,
            "rendered": "Vegan",
            "type": "option",
          },
        ],
        "type": "select",
      },
      null,
      null,
      Object {
        "instance": null,
        "key": undefined,
        "nodeType": "function",
        "props": Object {
          "recipeCards": undefined,
        },
        "ref": null,
        "rendered": null,
        "type": [Function],
      },
    ],
    "type": "div",
  },
  Symbol(enzyme.__nodes__): Array [
    Object {
      "instance": null,
      "key": undefined,
      "nodeType": "host",
      "props": Object {
        "children": Array [
          <select
            id="category"
            onChange={[Function]}
>
            <option>
                        SELECT CATEGORY
            </option>
            <option
                        value="paleo"
            >
                        Paleo
            </option>
            <option
                        value="vegetarian"
            >
                        Vegetarian
            </option>
            <option
                        value="vegan"
            >
                        Vegan
            </option>
</select>,
          null,
          null,
          <RecipeCardsDisplay
            recipeCards={undefined}
/>,
        ],
        "className": "App",
      },
      "ref": null,
      "rendered": Array [
        Object {
          "instance": null,
          "key": undefined,
          "nodeType": "host",
          "props": Object {
            "children": Array [
              <option>
                SELECT CATEGORY
</option>,
              <option
                value="paleo"
>
                Paleo
</option>,
              <option
                value="vegetarian"
>
                Vegetarian
</option>,
              <option
                value="vegan"
>
                Vegan
</option>,
            ],
            "id": "category",
            "onChange": [Function],
          },
          "ref": null,
          "rendered": Array [
            Object {
              "instance": null,
              "key": undefined,
              "nodeType": "host",
              "props": Object {
                "children": "SELECT CATEGORY",
              },
              "ref": null,
              "rendered": "SELECT CATEGORY",
              "type": "option",
            },
            Object {
              "instance": null,
              "key": undefined,
              "nodeType": "host",
              "props": Object {
                "children": "Paleo",
                "value": "paleo",
              },
              "ref": null,
              "rendered": "Paleo",
              "type": "option",
            },
            Object {
              "instance": null,
              "key": undefined,
              "nodeType": "host",
              "props": Object {
                "children": "Vegetarian",
                "value": "vegetarian",
              },
              "ref": null,
              "rendered": "Vegetarian",
              "type": "option",
            },
            Object {
              "instance": null,
              "key": undefined,
              "nodeType": "host",
              "props": Object {
                "children": "Vegan",
                "value": "vegan",
              },
              "ref": null,
              "rendered": "Vegan",
              "type": "option",
            },
          ],
          "type": "select",
        },
        null,
        null,
        Object {
          "instance": null,
          "key": undefined,
          "nodeType": "function",
          "props": Object {
            "recipeCards": undefined,
          },
          "ref": null,
          "rendered": null,
          "type": [Function],
        },
      ],
      "type": "div",
    },
  ],
  Symbol(enzyme.__options__): Object {
    "adapter": ReactSixteenAdapter {
      "options": Object {
        "enableComponentDidUpdateOnSetState": true,
      },
    },
  },
}
`;
